G0:
0 --> 1 
1 --> 2 3 
2 --> 5 
3 --> 
4 --> 1 5 
5 --> 3 
0(0,1) 1(1,2) 2(1,3) 6(2,5) 3(4,1) 4(4,5) 5(5,3) 

G1:
0 --> 2 
1 --> 2 
2 --> 
6(0,2) 4(1,2) 

G2:
0 --> 1 
1 --> 
0(0,1) 

